iomanX_IMPORTS_start
I_iomanX_open
I_iomanX_close
I_iomanX_read
I_iomanX_write
I_iomanX_lseek
I_iomanX_dopen
I_iomanX_dclose
I_iomanX_dread
iomanX_IMPORTS_end

sysclib_IMPORTS_start
I_memcpy
I_memset
I_sprintf
I_strchr
I_strcmp
I_strcpy
I_strlen
I_strncmp
I_strncpy
I_strrchr
I_strstr
I_tolower
sysclib_IMPORTS_end

cdvdman_IMPORTS_start
I_sceCdReadClock
cdvdman_IMPORTS_end

thbase_IMPORTS_start
I_CreateThread
I_StartThread
I_ReferThreadStatus
I_DelayThread
thbase_IMPORTS_end

loadcore_IMPORTS_start
I_GetLoadcoreInternalData
loadcore_IMPORTS_end

modload_IMPORTS_start
I_StartModule
I_LoadModuleBuffer
modload_IMPORTS_end

sysmem_IMPORTS_start
I_AllocSysMemory
I_FreeSysMemory
sysmem_IMPORTS_end

intrman_IMPORTS_start
I_GetIntrmanInternalData
I_CpuSuspendIntr
I_CpuResumeIntr
intrman_IMPORTS_end
